281a7c26b16ff1a5a9cd187bc037d8b2dee3d28ee486cc95fe2ef0f948dd3697,true,b0ae59319f4aa1fa4f65cc92e90e79b68fe4109cab654f92d7d4c9cacadf42c2,0f15841429b647405d4996e5fa7b174512ae562f199ccac57c75e34e29ae296c,f82c3516dee8a501a4c8bbcf20aa4aa857271baa5262a1470df5c118264d0b72,true,fab55523c9b208278df4b1a19e7cffe6c645986e1d11bb35c0e97138a3dbdf3d,26e6028cebf7d020d8c154db8ed2eb5166cc6560066c4ea4eb4ab221df7cd6f6,0c1050574b44d10ecc5e71179cf8c0ab87938697242b6b3c97455986100ff638,true,8cef48050cce60f796d82bb27c2ced2051f100752a904f35e85d7e0829002624,ceb10a336ca44cdcbd126ce544b8c238e910ab08f4ee45b60fd906750c88bc65,13fe53ac775e4dd5653d43e742149c148018046cff7e30058184ca1b075a21cd,false,dc76a60af5f28116649ce335765e830762f98b84bcfdf71e8027f3d1b4305009,d2caf668edb3322df4e3971247da6a4aaf962f7de28780fbf63aac0ed39bfe50,8f55d43499b5c370cc42bbdaca41ea715658abdf89f1ed71c529dc05a16da2ad,false,6fc12b5439b24b76d7a9df4e170b6e1323f794eb0402a93810f30db3f8e5ea0d,69fffbe0abcfe8b2ee1acafbbf8fb564a817fcdc6fee69fc6af253369f3fec79,41f9d34c112da5e6881165846e995d6cb853aa29c7a7b7e43e47685ebd18d6f9,true,e630a358306cc74b4128f47fad328e4f5cdf4660602f92da551b234266fbd7a2,92eea05e49f0e5f87aeac97c7b539b713fb9ff5b3d8f0df428bff55715e84fd0,b54df8fbe5807f633a7ba179f82fa7ecc6a63d27e98f6ff52758d4a1701d060a,true,a28fa845992bba7a6a7985ea0af0ccd1eaab508a5d2ac5d0ee3ce669503e13de,907ff73f588f42cf59cd8d9c652ccd2bc0f1913b715e3d1f0ef4cc50322a6c1c,e68e2b6e3ee4ce3e665701d7b67d90c3f9a044727e50e9d074f24af5471e6a10,true,b4d341fc4a8513db91b6b074f5c1a416971569f53b2cb2d36ffe2f49368ca49f,3cbd6f21166de510d1dfec0a50923324c867cbfa971fb5ba8c1208dd9355806e,f9bc2e34d8cf3ebbcfc858ee98ede5cff70efa7edade28a6f0799bd66e04c1f4,false,ca76c98457aa1a871786b90998baf4623f31ad45a2a631baeb8263e538beecb1,9d10201a707287f150a679d3e38a1cdacc1e2fd8ecac682734a4787cdb9d7d1e,4a1dd6ff2c8cf74972316e1fea55586c0951ca4722f7a98c930b2a7d9058ae00,true,8876c55672203ee3ebe3fecc8f59c8dd6f7b32251ab5aecfdd8648af0febaefe,4dd9997971887f92af91cdab397c45d743e5e2cefa69e555792e9abcc6440dcb,500d1775fb2b678995a3d8a0b36ce05980c74dfa8737a07983ef44e5b61db090,true,9c20744fb43a8a189fc7bb55f8b314b1c3216d42a30629a9555e7ccd63a546a5,a43e44ba76667ea80928cc5909c9b8f5b7d4614f19a3a21ca4145f35c482d659,959dd925af078014ea9fdbfb6c60c942e3d0e6c4dab0e5e41e88eea5ab4052ea,true,e6e8c577b527b2e55520f1ade19e64fdde361e8a8f96d94b0e0584cc25205b93,f4220995b716ecacf967d190525387a2279f4d96858e3d7aec491a8ac0ee1c37,fbab978966c15015326f7491f1ed86f391167c3a8892033677ece50f5962d601,true,7464d088266ee802062668c8130926ca3ee4b1d3412a952b3fbeee20185a779f,13438953008e11ea299f39dd2686d45f31872e9909eb65dde008ace4587237ab,e3283269c8832f47136754db020927573fe09b96ba218346f0ea578576219125,true,af6026944d9676985378fc4cda8bb7ee0a973249fbb0558b8d2bc017b034ba6e,5728358e31ca0829d6e0f492ed22f17a776d52f819d1cc55c8cd903dbcd6337b,10b5708f78c31a6a3a1992b935966bf871e15c632c6556383c3a6431a5fe2a37,false,d9e06dfbeb89f74168bf16aa4e62ed6cd2e0574ee2f7de677d2574eb1e778580,1a7ca5f377e8dd8a9249a0f4e41c56ac16826dae82116cfa33d8644f974efeda,7c43879d42051a51feb6482631a223255dfe4089dfdc4eb34fa6783bf7d82607,true,bb7d86b667a5a004e45053098adcc6c91d45788ef994ebf89dfafa4628cfd669,802de76f20f7115fac46029c702f1c82aa098706b0efbaa3dab59e100e9428b5,7a13af3a69a8668127c52536f384a685314efb3de98c5d6b8358cdaa50f9b6e1,false,8ff05e952daed2e04deb87c646182d375b6529bd43aa89be7652b617acd76712,73e5d55e1d4e018e594f411bcd0807cbefed7f6eba361cf9917f1feecc5b20e8,9f7329f87e45876948ed5e5a6d5f7d205b3437ecc01b3b732753541ccfc0e695,true,45e91144cb560798e7a2319fc620f36c6b9e5433e974ba7932e3ff9123ae7c4b,3e25df133841e4df32542f0c57c7a61e8462d44a259d3faa65513fa33e46b0ad,0238c83ce6585818789397c0882345e3af4612c9455c39f8d440fe25ac651a72,false,5c0e79eac2a5f68fbf1a3cb187d6bd4846c8f00dbd9a120af3cb790906c4e528,8219467ae4fbd33c7a5d61bacaec80bb6f851733e20a7ca7d802045c582e7574,6775107ab44ba0890c72d370f3a733b52ac88780fc10288411037a306c31d700,true,555ca529330455d5981dacb0e3bee61e1a00c234874a788c409ac54e09e5822f,2fae457117b124ced33d79091ac4bab638f924ba1742b075ef47620d0299e0aa,70ea8fecb8351302d648b609c172d1a06c7db3459fbd4bf70a2d0e3ce50f2589,false,d99aa6e2741f10de36b13ca9fc3c042f118729851550762d4916de1ee0d341a6,493f3fd2b67dcdde6886b9ea975330a0361968063d505fdf100ef3d7cbcc8d1b,9b17504bf0a72f871ef21e6aeddb8182f38ac5a1b067466a3e81f437aa3a3987,true,6dec9b8dff0725d779021cffcca6a9832611ad500bf16363de416413fb2bae50,ee1973e1cd4d4bd23a1aeea5d0e0e2aba11859e283741b66d67e7fc7a668c5b6,ef68878af7a55b40776ad63d440718ee9ed3ce552901d826d23b2246d482bd01,false,dcbaeb877ac5c85d8b265d17824676b14dfce824cde16203c8aef8738ef0a80f,54f3a35bc3648f1b5703f18c64d47072ca30b128eb051297aec61339204279e2,c52b51a26a27063ceee9e534b683feed9d0fe3ed0cb9b388a9cb979df5972ff8,true,b8966d67a24c4b0d33f9be0f850045d6e461d4882036cd8fe8b0b83aaf437aab,581af187107e45eb4c1d6beb26dbfab3f5003e15ffe8a26e2e882ae1cc56acf1,164d2f1f351f8e65d192e9a8e81ef55e7c0c45a4992dff47fe297da229af329a,true,949cd2b9d84a42ed4d8ae4ff0ab137d3437bafa693af633f45d782350a1bf4ec,29f71c5db332a6b9936b4963790693652d97aab4b759aeec70c9deeac013c994,6ce73c9f77518a827fbc79330264d3b2d786d12c98d3b67ef711b1c7afb9bb7f,false,f2a272383ff07a8859608a6b0c675beca35293d670e0188cfdf009958d811759,ebe51376300ecff9a7d148ade04ee7c127a56ad9573b012a3f4c55582e4e2501,a5a33dec43b2308a4920a2d87cdf14864c5062d57b57eb9dd14733f7983c6a33,true,6b8671abba810bc1489a8b36d80a3a78e5abb2fb757601b6e5c11f3561c909b6,99d707ffdaf7a240073282605554670a971c41a07d63b4be284147edfaf0ae7b,ae1e26cb9cdeb548756b3604effe68768838fecab965d8a1d4141ddfec0561f2,false,72a99e6789d248d079bff55bab962a469e390f3bf99bab3ea7deee74c39f3cc8,618474c73283106cfcf2119757079436a1427a7e8b1aa7e9aef03774dd245d79,33fa23bcff3c017d1ec8988f1e08422a77d1731d925615a9401fe9939e1f8498,false,feca25142c0de7ef96b5de473e46c1e617ddf9c97adfb159cdf3e62be8fb9501,c39b83c43a205279d3c46b412c4d2e662f80c624affa737b581a2b688f05e1e9,9164aeb568fe696e83b8c7e00f854408accdf99e7ed77a5c7d5fea8ee393372c,true,7bd6fa5035e28425ecb44ba69c337d8329952f95944cbea97cc2bce59bbde745,94568d3849661fc6f257d47aa660e3c50c12fc942ca7914546f90bdd2aa95c73,1831d91bc8c2272c5d2fba713af250f2c9dd2b265276768c7f8fc05448ba1754,true,49cf8e43d3792609777d6d1f0602c5f3650cd6633d6a3efcd56f1149286cf551,1edd6ab5a0fe6977734851247c5adb2190d59e3bacc20cc23b11c83a186bca64,5acd257c4b6ea21070270152b04d4f38a5b66c147bc9ea52c89f180a444b994e,true,3a6513a87ce45581c82c224e3a631207e232c0edaf87684cb1ca394aedf23cf3,6f2b42c7907100c01d2d239d3cfb2d57ccc5e0d0a6f808db74e1f1536d111025,